../Drivers/CMSIS/Include/core_cm7.h:2660:26:ITM_SendChar	16	static,ignoring_inline_asm
../Core/Src/main.c:119:5:main	8	static
../Core/Src/main.c:287:6:SystemClock_Config	120	static
../Core/Src/main.c:348:6:PeriphCommonClock_Config	200	static
../Core/Src/main.c:373:13:MX_ADC1_Init	48	static
../Core/Src/main.c:436:13:MX_ADC2_Init	40	static
../Core/Src/main.c:491:13:MX_TIM1_Init	120	static
../Core/Src/main.c:563:13:MX_TIM3_Init	56	static
../Core/Src/main.c:608:13:MX_TIM16_Init	8	static
../Core/Src/main.c:637:13:MX_USART3_UART_Init	8	static
../Core/Src/main.c:681:13:MX_USB_OTG_HS_USB_Init	4	static
../Core/Src/main.c:700:13:MX_GPIO_Init	64	static
../Core/Src/main.c:809:5:_write	32	static
../Core/Src/main.c:818:6:measure	40	static
../Core/Src/main.c:865:6:analyse	48	static
../Core/Src/main.c:925:6:rotate	24	static
../Core/Src/main.c:953:6:uart_transmit_analog	16	static
../Core/Src/main.c:960:6:uart_transmit_digital	16	static
../Core/Src/main.c:969:6:uart_transmit_info	8	static
../Core/Src/main.c:981:6:uart_transmit_csv	32	static
../Core/Src/main.c:994:6:Error_Handler	4	static,ignoring_inline_asm
