../Drivers/CMSIS/Include/core_cm7.h:2660:26:ITM_SendChar	16	static,ignoring_inline_asm
../Core/Src/main.c:113:5:main	8	static
../Core/Src/main.c:275:6:SystemClock_Config	120	static
../Core/Src/main.c:336:6:PeriphCommonClock_Config	200	static
../Core/Src/main.c:361:13:MX_ADC1_Init	48	static
../Core/Src/main.c:424:13:MX_ADC2_Init	40	static
../Core/Src/main.c:479:13:MX_TIM1_Init	120	static
../Core/Src/main.c:551:13:MX_TIM3_Init	56	static
../Core/Src/main.c:596:13:MX_TIM16_Init	8	static
../Core/Src/main.c:625:13:MX_USART3_UART_Init	8	static
../Core/Src/main.c:669:13:MX_USB_OTG_HS_USB_Init	4	static
../Core/Src/main.c:688:13:MX_GPIO_Init	64	static
../Core/Src/main.c:797:5:_write	32	static
../Core/Src/main.c:806:6:measure	40	static
../Core/Src/main.c:853:6:analyse	48	static
../Core/Src/main.c:913:6:rotate	24	static
../Core/Src/main.c:941:6:uart_transmit_analog	16	static
../Core/Src/main.c:948:6:uart_transmit_digital	16	static
../Core/Src/main.c:958:6:uart_transmit_csv	32	static
../Core/Src/main.c:971:6:Error_Handler	4	static,ignoring_inline_asm
