../Core/Src/main.c:116:5:main	1
../Core/Src/main.c:310:6:SystemClock_Config	4
../Core/Src/main.c:372:6:PeriphCommonClock_Config	2
../Core/Src/main.c:399:13:MX_ADC1_Init	4
../Core/Src/main.c:467:13:MX_ADC2_Init	3
../Core/Src/main.c:526:13:MX_TIM3_Init	3
../Core/Src/main.c:575:13:MX_TIM16_Init	2
../Core/Src/main.c:607:13:MX_USART3_UART_Init	5
../Core/Src/main.c:655:13:MX_USB_OTG_HS_USB_Init	1
../Core/Src/main.c:676:13:MX_GPIO_Init	1
../Core/Src/main.c:785:6:measure	7
../Core/Src/main.c:831:6:analyse	13
../Core/Src/main.c:885:6:rotate	5
../Core/Src/main.c:908:6:uart_transmit_analog	2
../Core/Src/main.c:915:6:uart_transmit_digital	2
../Core/Src/main.c:924:6:uart_transmit_info	1
../Core/Src/main.c:954:6:Error_Handler	1
