../Core/Src/main.c:108:5:main	5
../Core/Src/main.c:317:6:SystemClock_Config	4
../Core/Src/main.c:380:13:MX_ADC1_Init	4
../Core/Src/main.c:448:13:MX_TIM3_Init	3
../Core/Src/main.c:497:13:MX_TIM16_Init	2
../Core/Src/main.c:529:13:MX_USART3_UART_Init	5
../Core/Src/main.c:577:13:MX_USB_OTG_HS_USB_Init	1
../Core/Src/main.c:598:13:MX_GPIO_Init	1
../Core/Src/main.c:707:6:measure	7
../Core/Src/main.c:753:6:analyse	13
../Core/Src/main.c:807:6:uart_transmit_analog	2
../Core/Src/main.c:814:6:uart_transmit_digital	2
../Core/Src/main.c:823:6:uart_transmit_info	1
../Core/Src/main.c:853:6:Error_Handler	1
